[2026-08-06T17:08:00.775Z] GET https://fullsite.mx/ → 200 (187ms, 54295B)
[2026-08-06T17:08:00.971Z] GET https://fullsite.mx/img-terminal-800.jpg → 200 (95ms, 78390B)
[2026-08-06T17:08:00.971Z] GET https://fullsite.mx/logo-fullsite-nav.png → 200 (114ms, 4482B)
[2026-08-06T17:08:00.972Z] GET https://fullsite.mx/favicon-512.png → 200 (94ms, 4300B)
[2026-08-06T17:08:00.972Z] GET https://fullsite.mx/cdn-cgi/scripts/5c5dd728/cloudflare-static/email-decode.min.js → 200 (75ms, 1239B)
[2026-08-06T17:08:00.972Z] GET https://static.cloudflareinsights.com/beacon.min.js/v4513226cdae34746b4dedf0b4dfa099e1781791509496 → 200 (105ms, 31612B)
[2026-08-06T17:08:00.980Z] GET https://fonts.googleapis.com/css2?family=Inter:wght@300;400;500;600;700;800&display=swap → 200 (65ms, 15042B)
[2026-08-06T17:08:01.063Z] GET https://fonts.gstatic.com/s/inter/v20/UcC73FwrK3iLTeHuS_nVMrMxCp50SjIa1ZL7W0Q5nw.woff2 → 200 (255ms, 48432B)
[2026-08-06T17:08:01.332Z] POST https://fullsite.mx/cdn-cgi/rum? → 204 (31ms, ?B)
[2026-08-06T17:08:38.562Z] GET https://fullsite.mx/img-bartender-800.jpg → 200 (71ms, ?B)
[2026-08-06T17:08:38.627Z] GET https://fullsite.mx/img-dashboard-800.jpg → pending (?ms, ?B)
[2026-08-06T17:09:35.922Z] GET https://fullsite.mx/demo.html → 308 (40ms, ?B)
[2026-08-06T17:09:35.962Z] GET https://fullsite.mx/demo → 200 (104ms, 16643B)
[2026-08-06T17:09:36.070Z] POST https://fullsite.mx/cdn-cgi/rum? → pending (?ms, ?B)
[2026-08-06T17:09:36.073Z] GET https://fonts.googleapis.com/css2?family=Inter:wght@400;500;600;700;800&display=swap → 200 (133ms, 12535B)
[2026-08-06T17:09:36.073Z] GET https://fullsite.mx/logo-fullsite.png → 200 (154ms, 2045457B)
[2026-08-06T17:09:36.073Z] GET https://fullsite.mx/cdn-cgi/scripts/5c5dd728/cloudflare-static/email-decode.min.js → 200 (?ms, 1239B)
[2026-08-06T17:09:36.074Z] GET https://static.cloudflareinsights.com/beacon.min.js/v4513226cdae34746b4dedf0b4dfa099e1781791509496 → 200 (?ms, 31612B)
[2026-08-06T17:09:36.216Z] GET https://fonts.gstatic.com/s/inter/v20/UcC73FwrK3iLTeHuS_nVMrMxCp50SjIa1ZL7W0Q5nw.woff2 → 200 (1ms, ?B)
[2026-08-06T17:09:36.220Z] GET https://app.cal.com/embed/embed.js → 200 (168ms, ?B)
[2026-08-06T17:09:36.375Z] GET https://fullsite.mx/pos-restaurantes-monterrey/ → 200 (65ms, 9601B)
[2026-08-06T17:09:36.388Z] GET https://app.cal.com/daniel-e3zvfq/embed?embedType=inline&embed=demo → pending (?ms, ?B)
[2026-08-06T17:09:36.442Z] POST https://fullsite.mx/cdn-cgi/rum? → pending (?ms, ?B)
[2026-08-06T17:09:36.444Z] GET https://fullsite.mx/logo-fullsite-nav.png → 200 (?ms, 4482B)
[2026-08-06T17:09:36.444Z] GET https://static.cloudflareinsights.com/beacon.min.js/v4513226cdae34746b4dedf0b4dfa099e1781791509496 → 200 (?ms, 31612B)
[2026-08-06T17:09:36.448Z] POST https://fullsite.mx/cdn-cgi/rum? → 204 (26ms, ?B)
[2026-08-06T17:09:55.665Z] GET https://fullsite.mx/demo.html → 308 (1ms, ?B)
[2026-08-06T17:09:55.666Z] GET https://fullsite.mx/demo → pending (?ms, ?B)
[2026-08-06T17:09:55.723Z] POST https://fullsite.mx/cdn-cgi/rum? → pending (?ms, ?B)
[2026-08-06T17:09:55.724Z] GET https://fonts.googleapis.com/css2?family=Inter:wght@400;500;600;700;800&display=swap → 200 (1ms, 12535B)
[2026-08-06T17:09:55.725Z] GET https://fullsite.mx/logo-fullsite.png → 200 (?ms, 2045457B)
[2026-08-06T17:09:55.725Z] GET https://fullsite.mx/cdn-cgi/scripts/5c5dd728/cloudflare-static/email-decode.min.js → 200 (1ms, 1239B)
[2026-08-06T17:09:55.726Z] GET https://static.cloudflareinsights.com/beacon.min.js/v4513226cdae34746b4dedf0b4dfa099e1781791509496 → 200 (1ms, 31612B)
[2026-08-06T17:09:55.727Z] GET https://app.cal.com/embed/embed.js → 304 (82ms, ?B)
[2026-08-06T17:09:55.728Z] GET https://fonts.gstatic.com/s/inter/v20/UcC73FwrK3iLTeHuS_nVMrMxCp50SjIa1ZL7W0Q5nw.woff2 → 200 (1ms, ?B)
[2026-08-06T17:09:55.811Z] GET https://app.cal.com/daniel-e3zvfq/embed?embedType=inline&embed=demo → 200 (317ms, 508956B)
[2026-08-06T17:09:56.134Z] GET https://app.cal.com/_next/static/media/83afe278b6a6bb3c-s.p.2bn3s6zvc0dyp.woff2 → 200 (88ms, 48432B)
[2026-08-06T17:09:56.134Z] GET https://app.cal.com/_next/static/media/CalSansUI%5Bwght%2CGEOM%5D-s.p.442ac2x6ekkca.woff2 → 200 (96ms, 62716B)
[2026-08-06T17:09:56.134Z] GET https://app.cal.com/_next/static/media/CalSans_SemiBold-s.p.339l157_0_ui6.woff2 → 200 (64ms, 40932B)
[2026-08-06T17:09:56.134Z] GET https://app.cal.com/_next/static/chunks/0ah68jeo2a-d4.css → 200 (62ms, 973B)
[2026-08-06T17:09:56.134Z] GET https://app.cal.com/_next/static/chunks/22e-q8dsrontx.css → 200 (63ms, 497730B)
[2026-08-06T17:09:56.135Z] GET https://app.cal.com/_next/static/chunks/07jv_80scee2v.css → 200 (74ms, 2110B)
[2026-08-06T17:09:56.135Z] GET https://app.cal.com/_next/static/chunks/2my5c1vbx5by9.js → 200 (95ms, 11950B)
[2026-08-06T17:09:56.135Z] GET https://app.cal.com/_next/static/chunks/30sla7eqy_8pm.js → 200 (96ms, 31994B)
[2026-08-06T17:09:56.135Z] GET https://app.cal.com/_next/static/chunks/2-urkx3cuhmdn.js → 200 (96ms, 26811B)
[2026-08-06T17:09:56.135Z] GET https://app.cal.com/_next/static/chunks/2_xhksly24qz5.js → 200 (98ms, 127053B)
[2026-08-06T17:09:56.135Z] GET https://app.cal.com/_next/static/chunks/2wtpt6qp8lt41.js → 200 (98ms, 38791B)
[2026-08-06T17:09:56.135Z] GET https://app.cal.com/_next/static/chunks/2oe2uyp1_udbr.js → 200 (107ms, 448067B)
[2026-08-06T17:09:56.136Z] GET https://app.cal.com/_next/static/chunks/0498nmyo-_ygq.js → 200 (106ms, 32455B)
[2026-08-06T17:09:56.136Z] GET https://app.cal.com/_next/static/chunks/turbopack-0a__ngwub8i8e.js → 200 (107ms, 10977B)
[2026-08-06T17:09:56.136Z] GET https://app.cal.com/_next/static/chunks/18s58orcqzd1z.js → 200 (106ms, 17330B)
[2026-08-06T17:09:56.136Z] GET https://app.cal.com/_next/static/chunks/324loz8id08-a.js → 200 (147ms, 26670B)
[2026-08-06T17:09:56.136Z] GET https://app.cal.com/_next/static/chunks/32h2bivzzoxwe.js → 200 (159ms, 24938B)
[2026-08-06T17:09:56.136Z] GET https://app.cal.com/_next/static/chunks/0vp4x8w8o2hc0.js → 200 (159ms, 20527B)
[2026-08-06T17:09:56.137Z] GET https://app.cal.com/_next/static/chunks/17se6xveiz9ap.js → 200 (158ms, 32632B)
[2026-08-06T17:09:56.137Z] GET https://app.cal.com/_next/static/chunks/20rvkr5trzgy4.js → 200 (158ms, 26108B)
[2026-08-06T17:09:56.137Z] GET https://app.cal.com/_next/static/chunks/20-rufwqcd6bl.js → 200 (158ms, 35600B)
[2026-08-06T17:09:56.137Z] GET https://app.cal.com/_next/static/chunks/28qhogk2_g8__.js → 200 (159ms, 42914B)
[2026-08-06T17:09:56.137Z] GET https://app.cal.com/_next/static/chunks/0x8l_4ph2lpz1.js → 200 (159ms, 48952B)
[2026-08-06T17:09:56.137Z] GET https://app.cal.com/_next/static/chunks/1ha-5oida3l5-.js → 200 (159ms, 34702B)
[2026-08-06T17:09:56.137Z] GET https://app.cal.com/_next/static/chunks/0nmby1ks5_6b1.js → 200 (159ms, 50270B)
[2026-08-06T17:09:56.137Z] GET https://app.cal.com/_next/static/chunks/165cc2q5i9q56.js → 200 (160ms, 69980B)
[2026-08-06T17:09:56.137Z] GET https://app.cal.com/_next/static/chunks/3zm3d0i9ptwq6.js → 200 (159ms, 7330B)
[2026-08-06T17:09:56.137Z] GET https://app.cal.com/_next/static/chunks/1un3cqq6td7p7.js → 200 (160ms, 33227B)
[2026-08-06T17:09:56.137Z] GET https://app.cal.com/_next/static/chunks/1tqnqftfsfu_e.js → 200 (161ms, 55907B)
[2026-08-06T17:09:56.137Z] GET https://app.cal.com/_next/static/chunks/28q2-p9h959wl.js → 200 (161ms, 39028B)
[2026-08-06T17:09:56.138Z] GET https://app.cal.com/_next/static/chunks/3rkjox6f9ivm4.js → 200 (160ms, 26929B)
[2026-08-06T17:09:56.138Z] GET https://app.cal.com/_next/static/chunks/2mxgprd-d97h5.js → 200 (161ms, 21992B)
[2026-08-06T17:09:56.138Z] GET https://app.cal.com/_next/static/chunks/03szcbv5vchhd.js → 200 (161ms, 30165B)
[2026-08-06T17:09:56.138Z] GET https://app.cal.com/_next/static/chunks/07a984byk7f0c.js → 200 (161ms, 28549B)
[2026-08-06T17:09:56.138Z] GET https://app.cal.com/_next/static/chunks/3adk_iut8rs3b.js → 200 (162ms, 64642B)
[2026-08-06T17:09:56.138Z] GET https://app.cal.com/_next/static/chunks/2jraobhng5hse.js → 200 (162ms, 689B)
[2026-08-06T17:09:56.139Z] GET https://app.cal.com/_next/static/chunks/2bvix3lgz9q3-.js → 200 (161ms, 37049B)
[2026-08-06T17:09:56.139Z] GET https://app.cal.com/_next/static/chunks/30rsx8e49tz5b.js → 200 (162ms, 43188B)
[2026-08-06T17:09:56.139Z] GET https://app.cal.com/_next/static/chunks/36op5pxl_tbj-.js → 200 (162ms, 7051B)
[2026-08-06T17:09:56.139Z] GET https://app.cal.com/_next/static/chunks/05rh4oq71jf-d.js → 200 (162ms, 903B)
[2026-08-06T17:09:56.139Z] GET https://app.cal.com/_next/static/chunks/2wmy7iil4al69.js → 200 (163ms, 19579B)
[2026-08-06T17:09:56.139Z] GET https://app.cal.com/_next/static/chunks/1t6arvbr39wiy.js → 200 (163ms, 18896B)
[2026-08-06T17:09:56.139Z] GET https://app.cal.com/_next/static/chunks/3q102je6h8wn4.js → 200 (164ms, 20872B)
[2026-08-06T17:09:56.139Z] GET https://app.cal.com/_next/static/chunks/0a4xxjvh0ldk4.js → 200 (164ms, 24358B)
[2026-08-06T17:09:56.139Z] GET https://app.cal.com/_next/static/chunks/2rd4nkbhlpitd.js → 200 (164ms, 28153B)
[2026-08-06T17:09:56.139Z] GET https://app.cal.com/_next/static/chunks/3m1p89op423fa.js → 200 (165ms, 20577B)
[2026-08-06T17:09:56.139Z] GET https://app.cal.com/_next/static/chunks/1xh-60xou3jn1.js → 200 (165ms, 16792B)
[2026-08-06T17:09:56.139Z] GET https://app.cal.com/_next/static/chunks/0n8oajkgegpvc.js → 200 (165ms, 47069B)
[2026-08-06T17:09:56.140Z] GET https://app.cal.com/_next/static/chunks/2qo3i4to0s0o5.js → 200 (165ms, 36669B)
[2026-08-06T17:09:56.140Z] GET https://app.cal.com/_next/static/chunks/25gurbjp0z9lf.js → 200 (165ms, 39590B)
[2026-08-06T17:09:56.140Z] GET https://app.cal.com/_next/static/chunks/1i5bcpd84enz9.js → 200 (165ms, 37977B)
[2026-08-06T17:09:56.140Z] GET https://app.cal.com/_next/static/chunks/1cl1ezp9d272u.js → 200 (165ms, 22000B)
[2026-08-06T17:09:56.140Z] GET https://app.cal.com/_next/static/chunks/00pcw9gw7v780.js → 200 (165ms, 36202B)
[2026-08-06T17:09:56.140Z] GET https://app.cal.com/_next/static/chunks/2jf0euq6vz7q6.js → 200 (166ms, 30480B)
[2026-08-06T17:09:56.140Z] GET https://app.cal.com/_next/static/chunks/42l_pieqmsqfg.js → 200 (166ms, 72063B)
[2026-08-06T17:09:56.140Z] GET https://app.cal.com/_next/static/chunks/05qyepa09s7ko.js → 200 (166ms, 60822B)
[2026-08-06T17:09:56.140Z] GET https://app.cal.com/_next/static/chunks/3udp94mb1qpi6.js → 200 (166ms, 151B)
[2026-08-06T17:09:56.335Z] POST https://fullsite.mx/cdn-cgi/rum? → 204 (32ms, ?B)
[2026-08-06T17:09:56.383Z] GET https://app.cal.com/api/auth/session → 200 (104ms, 2B)
[2026-08-06T17:09:56.383Z] GET https://cal.com/api/avatar/2c19c47c-0d24-4338-8805-8e15210c552e.png → 200 (88ms, 227369B)
[2026-08-06T17:09:56.384Z] GET https://app.cal.com/api/trpc/features/map?batch=1&input=%7B%220%22%3A%7B%22json%22%3Anull%2C%22meta%22%3A%7B%22values%22%3A%5B%22undefined%22%5D%7D%7D%7D → 200 (88ms, 1416B)
[2026-08-06T17:10:01.341Z] POST https://o574544.ingest.us.sentry.io/api/4509594045513728/envelope/?sentry_version=7&sentry_key=7fa2ea46dede9404597bde582525baca&sentry_client=sentry.javascript.nextjs%2F10.56.0 → 200 (183ms, 2B)
